Pass 1: learning slug -> display-name map from HTML...
  learned 389 slug->name mappings
Pass 2: extracting main categories per snapshot...
  scanning 137,040 snapshots
    progress: 20,000/137,040  (451/s)
    progress: 40,000/137,040  (451/s)
    progress: 60,000/137,040  (453/s)
    progress: 80,000/137,040  (455/s)
    progress: 100,000/137,040  (455/s)
    progress: 120,000/137,040  (454/s)
  parsed in 300.0s, 167,628 rows ready

--- pattern source breakdown ---
  surface_type         37,472  ( 27.3%)
  taxonomy_links       12,589  (  9.2%)
  hero_kicker          31,641  ( 23.1%)
  categories_label     26,287  ( 19.2%)
  breadcrumb            8,883  (  6.5%)
  none                 20,168  ( 14.7%)
  COVERED             116,872  ( 85.3%)

main_categories rows inserted: 167,628

Distribution of #categories per snapshot:
   1 categories: 69,676 snapshots
   2 categories: 43,895 snapshots
   3 categories: 3,057 snapshots
   4 categories: 229 snapshots
   5 categories: 15 snapshots

Coverage by year (snapshots with >=1 category / done snapshots):
  2012:    370 /    372  ( 99.5%)
  2013:    787 /    787  (100.0%)
  2014:  1,255 /  1,256  ( 99.9%)
  2015:  1,996 /  2,002  ( 99.7%)
  2016:  1,729 /  1,731  ( 99.9%)
  2017:  2,476 /  2,488  ( 99.5%)
  2018:    421 /    426  ( 98.8%)
  2019:  3,877 /  3,883  ( 99.8%)
  2020:  6,537 /  6,768  ( 96.6%)
  2021: 13,958 / 14,658  ( 95.2%)
  2022: 16,335 / 16,593  ( 98.4%)
  2023: 17,539 / 19,112  ( 91.8%)
  2024: 12,101 / 24,327  ( 49.7%)
  2025: 22,378 / 26,693  ( 83.8%)
  2026: 15,113 / 15,944  ( 94.8%)
