============================================================
PHASE 3: Parsing pricing, categories & metadata from HTML
============================================================
  Batch 1: parsed 500 snapshots, extracted 851 plans + 1197 categories + 458 metadata (total: 500 snapshots, 851 plans)
  Batch 2: parsed 500 snapshots, extracted 939 plans + 1700 categories + 470 metadata (total: 1,000 snapshots, 1,790 plans)
  Batch 3: parsed 500 snapshots, extracted 830 plans + 1379 categories + 467 metadata (total: 1,500 snapshots, 2,620 plans)
  Batch 4: parsed 500 snapshots, extracted 816 plans + 1591 categories + 478 metadata (total: 2,000 snapshots, 3,436 plans)
  Batch 5: parsed 500 snapshots, extracted 827 plans + 1496 categories + 474 metadata (total: 2,500 snapshots, 4,263 plans)
  Batch 6: parsed 500 snapshots, extracted 1183 plans + 1989 categories + 491 metadata (total: 3,000 snapshots, 5,446 plans)
  Batch 7: parsed 500 snapshots, extracted 942 plans + 1611 categories + 482 metadata (total: 3,500 snapshots, 6,388 plans)
  Batch 8: parsed 500 snapshots, extracted 963 plans + 2322 categories + 482 metadata (total: 4,000 snapshots, 7,351 plans)
  Batch 9: parsed 500 snapshots, extracted 923 plans + 2297 categories + 480 metadata (total: 4,500 snapshots, 8,274 plans)
  Batch 10: parsed 500 snapshots, extracted 1129 plans + 2881 categories + 476 metadata (total: 5,000 snapshots, 9,403 plans)
  Batch 11: parsed 500 snapshots, extracted 828 plans + 1191 categories + 467 metadata (total: 5,500 snapshots, 10,231 plans)
  Batch 12: parsed 500 snapshots, extracted 1022 plans + 2241 categories + 472 metadata (total: 6,000 snapshots, 11,253 plans)
  Batch 13: parsed 500 snapshots, extracted 911 plans + 1772 categories + 467 metadata (total: 6,500 snapshots, 12,164 plans)
  Batch 14: parsed 500 snapshots, extracted 882 plans + 1749 categories + 483 metadata (total: 7,000 snapshots, 13,046 plans)
  Batch 15: parsed 500 snapshots, extracted 830 plans + 1755 categories + 469 metadata (total: 7,500 snapshots, 13,876 plans)
  Batch 16: parsed 500 snapshots, extracted 1066 plans + 2790 categories + 481 metadata (total: 8,000 snapshots, 14,942 plans)
  Batch 17: parsed 500 snapshots, extracted 872 plans + 1514 categories + 477 metadata (total: 8,500 snapshots, 15,814 plans)
  Batch 18: parsed 500 snapshots, extracted 1018 plans + 2159 categories + 476 metadata (total: 9,000 snapshots, 16,832 plans)
  Batch 19: parsed 500 snapshots, extracted 925 plans + 1104 categories + 474 metadata (total: 9,500 snapshots, 17,757 plans)
  Batch 20: parsed 500 snapshots, extracted 1016 plans + 1912 categories + 467 metadata (total: 10,000 snapshots, 18,773 plans)
  Batch 21: parsed 500 snapshots, extracted 962 plans + 2651 categories + 474 metadata (total: 10,500 snapshots, 19,735 plans)
  Batch 22: parsed 500 snapshots, extracted 1089 plans + 1871 categories + 465 metadata (total: 11,000 snapshots, 20,824 plans)
  Batch 23: parsed 500 snapshots, extracted 856 plans + 1303 categories + 468 metadata (total: 11,500 snapshots, 21,680 plans)
  Batch 24: parsed 500 snapshots, extracted 952 plans + 1199 categories + 459 metadata (total: 12,000 snapshots, 22,632 plans)
  Batch 25: parsed 500 snapshots, extracted 913 plans + 1275 categories + 469 metadata (total: 12,500 snapshots, 23,545 plans)
  Batch 26: parsed 500 snapshots, extracted 741 plans + 1680 categories + 484 metadata (total: 13,000 snapshots, 24,286 plans)
  Batch 27: parsed 500 snapshots, extracted 966 plans + 2568 categories + 479 metadata (total: 13,500 snapshots, 25,252 plans)
  Batch 28: parsed 500 snapshots, extracted 832 plans + 2720 categories + 473 metadata (total: 14,000 snapshots, 26,084 plans)
  Batch 29: parsed 500 snapshots, extracted 925 plans + 2103 categories + 463 metadata (total: 14,500 snapshots, 27,009 plans)
  Batch 30: parsed 500 snapshots, extracted 752 plans + 1588 categories + 471 metadata (total: 15,000 snapshots, 27,761 plans)
  Batch 31: parsed 500 snapshots, extracted 860 plans + 1596 categories + 475 metadata (total: 15,500 snapshots, 28,621 plans)
  Batch 32: parsed 500 snapshots, extracted 790 plans + 1655 categories + 470 metadata (total: 16,000 snapshots, 29,411 plans)
  Batch 33: parsed 500 snapshots, extracted 1075 plans + 1940 categories + 452 metadata (total: 16,500 snapshots, 30,486 plans)
  Batch 34: parsed 500 snapshots, extracted 974 plans + 2988 categories + 479 metadata (total: 17,000 snapshots, 31,460 plans)
  Batch 35: parsed 500 snapshots, extracted 955 plans + 1979 categories + 484 metadata (total: 17,500 snapshots, 32,415 plans)
  Batch 36: parsed 500 snapshots, extracted 873 plans + 1229 categories + 472 metadata (total: 18,000 snapshots, 33,288 plans)
  Batch 37: parsed 500 snapshots, extracted 826 plans + 1060 categories + 478 metadata (total: 18,500 snapshots, 34,114 plans)
  Batch 38: parsed 500 snapshots, extracted 917 plans + 1298 categories + 462 metadata (total: 19,000 snapshots, 35,031 plans)
  Batch 39: parsed 500 snapshots, extracted 952 plans + 1798 categories + 469 metadata (total: 19,500 snapshots, 35,983 plans)
  Batch 40: parsed 500 snapshots, extracted 909 plans + 1756 categories + 489 metadata (total: 20,000 snapshots, 36,892 plans)
  Batch 41: parsed 500 snapshots, extracted 933 plans + 2104 categories + 470 metadata (total: 20,500 snapshots, 37,825 plans)
  Batch 42: parsed 500 snapshots, extracted 890 plans + 1301 categories + 476 metadata (total: 21,000 snapshots, 38,715 plans)
  Batch 43: parsed 500 snapshots, extracted 685 plans + 1417 categories + 468 metadata (total: 21,500 snapshots, 39,400 plans)
  Batch 44: parsed 500 snapshots, extracted 957 plans + 1710 categories + 480 metadata (total: 22,000 snapshots, 40,357 plans)
  Batch 45: parsed 500 snapshots, extracted 814 plans + 1600 categories + 474 metadata (total: 22,500 snapshots, 41,171 plans)
  Batch 46: parsed 500 snapshots, extracted 923 plans + 1081 categories + 478 metadata (total: 23,000 snapshots, 42,094 plans)
  Batch 47: parsed 500 snapshots, extracted 1135 plans + 1245 categories + 484 metadata (total: 23,500 snapshots, 43,229 plans)
  Batch 48: parsed 500 snapshots, extracted 875 plans + 1316 categories + 476 metadata (total: 24,000 snapshots, 44,104 plans)
  Batch 49: parsed 500 snapshots, extracted 950 plans + 2069 categories + 466 metadata (total: 24,500 snapshots, 45,054 plans)
  Batch 50: parsed 500 snapshots, extracted 924 plans + 1815 categories + 461 metadata (total: 25,000 snapshots, 45,978 plans)
  Batch 51: parsed 500 snapshots, extracted 821 plans + 1627 categories + 458 metadata (total: 25,500 snapshots, 46,799 plans)
  Batch 52: parsed 500 snapshots, extracted 1010 plans + 1797 categories + 476 metadata (total: 26,000 snapshots, 47,809 plans)
  Batch 53: parsed 500 snapshots, extracted 809 plans + 962 categories + 477 metadata (total: 26,500 snapshots, 48,618 plans)
  Batch 54: parsed 500 snapshots, extracted 799 plans + 796 categories + 478 metadata (total: 27,000 snapshots, 49,417 plans)
  Batch 55: parsed 500 snapshots, extracted 861 plans + 1246 categories + 472 metadata (total: 27,500 snapshots, 50,278 plans)
  Batch 56: parsed 500 snapshots, extracted 1070 plans + 1902 categories + 485 metadata (total: 28,000 snapshots, 51,348 plans)
  Batch 57: parsed 500 snapshots, extracted 1033 plans + 2054 categories + 480 metadata (total: 28,500 snapshots, 52,381 plans)
  Batch 58: parsed 500 snapshots, extracted 984 plans + 1794 categories + 474 metadata (total: 29,000 snapshots, 53,365 plans)
  Batch 59: parsed 500 snapshots, extracted 900 plans + 1607 categories + 488 metadata (total: 29,500 snapshots, 54,265 plans)
  Batch 60: parsed 500 snapshots, extracted 910 plans + 1402 categories + 485 metadata (total: 30,000 snapshots, 55,175 plans)
  Batch 61: parsed 500 snapshots, extracted 774 plans + 1859 categories + 489 metadata (total: 30,500 snapshots, 55,949 plans)
  Batch 62: parsed 500 snapshots, extracted 981 plans + 1649 categories + 481 metadata (total: 31,000 snapshots, 56,930 plans)
  Batch 63: parsed 500 snapshots, extracted 999 plans + 2159 categories + 479 metadata (total: 31,500 snapshots, 57,929 plans)
  Batch 64: parsed 500 snapshots, extracted 880 plans + 1436 categories + 481 metadata (total: 32,000 snapshots, 58,809 plans)
  Batch 65: parsed 500 snapshots, extracted 912 plans + 2307 categories + 486 metadata (total: 32,500 snapshots, 59,721 plans)
  Batch 66: parsed 500 snapshots, extracted 893 plans + 1938 categories + 473 metadata (total: 33,000 snapshots, 60,614 plans)
  Batch 67: parsed 500 snapshots, extracted 794 plans + 1707 categories + 460 metadata (total: 33,500 snapshots, 61,408 plans)
  Batch 68: parsed 500 snapshots, extracted 844 plans + 2263 categories + 478 metadata (total: 34,000 snapshots, 62,252 plans)
  Batch 69: parsed 500 snapshots, extracted 879 plans + 1640 categories + 464 metadata (total: 34,500 snapshots, 63,131 plans)
  Batch 70: parsed 500 snapshots, extracted 1067 plans + 1641 categories + 487 metadata (total: 35,000 snapshots, 64,198 plans)
  Batch 71: parsed 500 snapshots, extracted 1041 plans + 2097 categories + 485 metadata (total: 35,500 snapshots, 65,239 plans)
  Batch 72: parsed 500 snapshots, extracted 752 plans + 1926 categories + 480 metadata (total: 36,000 snapshots, 65,991 plans)
  Batch 73: parsed 500 snapshots, extracted 956 plans + 2331 categories + 467 metadata (total: 36,500 snapshots, 66,947 plans)
  Batch 74: parsed 500 snapshots, extracted 642 plans + 790 categories + 486 metadata (total: 37,000 snapshots, 67,589 plans)
  Batch 75: parsed 500 snapshots, extracted 754 plans + 870 categories + 462 metadata (total: 37,500 snapshots, 68,343 plans)
  Batch 76: parsed 500 snapshots, extracted 1049 plans + 1635 categories + 480 metadata (total: 38,000 snapshots, 69,392 plans)
  Batch 77: parsed 500 snapshots, extracted 951 plans + 1420 categories + 481 metadata (total: 38,500 snapshots, 70,343 plans)
  Batch 78: parsed 500 snapshots, extracted 1008 plans + 2932 categories + 481 metadata (total: 39,000 snapshots, 71,351 plans)
  Batch 79: parsed 500 snapshots, extracted 1007 plans + 1814 categories + 483 metadata (total: 39,500 snapshots, 72,358 plans)
  Batch 80: parsed 500 snapshots, extracted 901 plans + 1225 categories + 486 metadata (total: 40,000 snapshots, 73,259 plans)
  Batch 81: parsed 500 snapshots, extracted 1045 plans + 1397 categories + 486 metadata (total: 40,500 snapshots, 74,304 plans)
  Batch 82: parsed 500 snapshots, extracted 855 plans + 1238 categories + 453 metadata (total: 41,000 snapshots, 75,159 plans)
  Batch 83: parsed 500 snapshots, extracted 773 plans + 1223 categories + 467 metadata (total: 41,500 snapshots, 75,932 plans)
  Batch 84: parsed 500 snapshots, extracted 999 plans + 1381 categories + 460 metadata (total: 42,000 snapshots, 76,931 plans)
  Batch 85: parsed 500 snapshots, extracted 862 plans + 964 categories + 475 metadata (total: 42,500 snapshots, 77,793 plans)
  Batch 86: parsed 500 snapshots, extracted 937 plans + 2169 categories + 488 metadata (total: 43,000 snapshots, 78,730 plans)
  Batch 87: parsed 500 snapshots, extracted 899 plans + 1599 categories + 473 metadata (total: 43,500 snapshots, 79,629 plans)
  Batch 88: parsed 500 snapshots, extracted 849 plans + 2282 categories + 477 metadata (total: 44,000 snapshots, 80,478 plans)
  Batch 89: parsed 500 snapshots, extracted 840 plans + 1639 categories + 478 metadata (total: 44,500 snapshots, 81,318 plans)
  Batch 90: parsed 500 snapshots, extracted 1047 plans + 2895 categories + 482 metadata (total: 45,000 snapshots, 82,365 plans)
  Batch 91: parsed 500 snapshots, extracted 948 plans + 1282 categories + 462 metadata (total: 45,500 snapshots, 83,313 plans)
  Batch 92: parsed 500 snapshots, extracted 922 plans + 1906 categories + 475 metadata (total: 46,000 snapshots, 84,235 plans)
  Batch 93: parsed 500 snapshots, extracted 757 plans + 1446 categories + 488 metadata (total: 46,500 snapshots, 84,992 plans)
  Batch 94: parsed 500 snapshots, extracted 964 plans + 1882 categories + 473 metadata (total: 47,000 snapshots, 85,956 plans)
  Batch 95: parsed 500 snapshots, extracted 809 plans + 1426 categories + 471 metadata (total: 47,500 snapshots, 86,765 plans)
  Batch 96: parsed 500 snapshots, extracted 762 plans + 1734 categories + 464 metadata (total: 48,000 snapshots, 87,527 plans)
  Batch 97: parsed 500 snapshots, extracted 1024 plans + 1859 categories + 478 metadata (total: 48,500 snapshots, 88,551 plans)
  Batch 98: parsed 500 snapshots, extracted 983 plans + 1635 categories + 460 metadata (total: 49,000 snapshots, 89,534 plans)
  Batch 99: parsed 500 snapshots, extracted 869 plans + 2019 categories + 480 metadata (total: 49,500 snapshots, 90,403 plans)
  Batch 100: parsed 500 snapshots, extracted 850 plans + 2058 categories + 473 metadata (total: 50,000 snapshots, 91,253 plans)
  Batch 101: parsed 500 snapshots, extracted 1002 plans + 1851 categories + 485 metadata (total: 50,500 snapshots, 92,255 plans)
  Batch 102: parsed 500 snapshots, extracted 872 plans + 2270 categories + 482 metadata (total: 51,000 snapshots, 93,127 plans)
  Batch 103: parsed 500 snapshots, extracted 642 plans + 1010 categories + 466 metadata (total: 51,500 snapshots, 93,769 plans)
  Batch 104: parsed 500 snapshots, extracted 963 plans + 2202 categories + 467 metadata (total: 52,000 snapshots, 94,732 plans)
  Batch 105: parsed 500 snapshots, extracted 973 plans + 1053 categories + 476 metadata (total: 52,500 snapshots, 95,705 plans)
  Batch 106: parsed 500 snapshots, extracted 858 plans + 1368 categories + 470 metadata (total: 53,000 snapshots, 96,563 plans)
  Batch 107: parsed 500 snapshots, extracted 916 plans + 2060 categories + 475 metadata (total: 53,500 snapshots, 97,479 plans)
  Batch 108: parsed 500 snapshots, extracted 895 plans + 1554 categories + 486 metadata (total: 54,000 snapshots, 98,374 plans)
  Batch 109: parsed 500 snapshots, extracted 1018 plans + 1338 categories + 483 metadata (total: 54,500 snapshots, 99,392 plans)
  Batch 110: parsed 500 snapshots, extracted 994 plans + 1758 categories + 473 metadata (total: 55,000 snapshots, 100,386 plans)
  Batch 111: parsed 500 snapshots, extracted 787 plans + 1099 categories + 472 metadata (total: 55,500 snapshots, 101,173 plans)
  Batch 112: parsed 500 snapshots, extracted 897 plans + 1797 categories + 478 metadata (total: 56,000 snapshots, 102,070 plans)
  Batch 113: parsed 500 snapshots, extracted 1076 plans + 1281 categories + 478 metadata (total: 56,500 snapshots, 103,146 plans)
  Batch 114: parsed 500 snapshots, extracted 916 plans + 2010 categories + 476 metadata (total: 57,000 snapshots, 104,062 plans)
  Batch 115: parsed 500 snapshots, extracted 834 plans + 1118 categories + 476 metadata (total: 57,500 snapshots, 104,896 plans)
  Batch 116: parsed 500 snapshots, extracted 788 plans + 1075 categories + 460 metadata (total: 58,000 snapshots, 105,684 plans)
  Batch 117: parsed 500 snapshots, extracted 874 plans + 2478 categories + 482 metadata (total: 58,500 snapshots, 106,558 plans)
  Batch 118: parsed 500 snapshots, extracted 828 plans + 3238 categories + 486 metadata (total: 59,000 snapshots, 107,386 plans)
  Batch 119: parsed 500 snapshots, extracted 884 plans + 2126 categories + 485 metadata (total: 59,500 snapshots, 108,270 plans)
  Batch 120: parsed 500 snapshots, extracted 844 plans + 2099 categories + 492 metadata (total: 60,000 snapshots, 109,114 plans)
  Batch 121: parsed 500 snapshots, extracted 848 plans + 1998 categories + 479 metadata (total: 60,500 snapshots, 109,962 plans)
  Batch 122: parsed 500 snapshots, extracted 937 plans + 1830 categories + 465 metadata (total: 61,000 snapshots, 110,899 plans)
  Batch 123: parsed 500 snapshots, extracted 773 plans + 1454 categories + 485 metadata (total: 61,500 snapshots, 111,672 plans)
  Batch 124: parsed 500 snapshots, extracted 848 plans + 1718 categories + 459 metadata (total: 62,000 snapshots, 112,520 plans)
  Batch 125: parsed 500 snapshots, extracted 991 plans + 2196 categories + 482 metadata (total: 62,500 snapshots, 113,511 plans)
  Batch 126: parsed 500 snapshots, extracted 925 plans + 1407 categories + 483 metadata (total: 63,000 snapshots, 114,436 plans)
  Batch 127: parsed 500 snapshots, extracted 1053 plans + 1831 categories + 478 metadata (total: 63,500 snapshots, 115,489 plans)
  Batch 128: parsed 500 snapshots, extracted 1005 plans + 1671 categories + 476 metadata (total: 64,000 snapshots, 116,494 plans)
  Batch 129: parsed 500 snapshots, extracted 795 plans + 1773 categories + 475 metadata (total: 64,500 snapshots, 117,289 plans)
  Batch 130: parsed 500 snapshots, extracted 806 plans + 946 categories + 484 metadata (total: 65,000 snapshots, 118,095 plans)
  Batch 131: parsed 500 snapshots, extracted 879 plans + 1464 categories + 485 metadata (total: 65,500 snapshots, 118,974 plans)
  Batch 132: parsed 500 snapshots, extracted 778 plans + 1373 categories + 458 metadata (total: 66,000 snapshots, 119,752 plans)
  Batch 133: parsed 500 snapshots, extracted 887 plans + 2065 categories + 461 metadata (total: 66,500 snapshots, 120,639 plans)
  Batch 134: parsed 500 snapshots, extracted 903 plans + 1877 categories + 485 metadata (total: 67,000 snapshots, 121,542 plans)
  Batch 135: parsed 500 snapshots, extracted 1008 plans + 2001 categories + 469 metadata (total: 67,500 snapshots, 122,550 plans)
  Batch 136: parsed 500 snapshots, extracted 811 plans + 1918 categories + 481 metadata (total: 68,000 snapshots, 123,361 plans)
  Batch 137: parsed 500 snapshots, extracted 911 plans + 1428 categories + 450 metadata (total: 68,500 snapshots, 124,272 plans)
  Batch 138: parsed 500 snapshots, extracted 914 plans + 1498 categories + 470 metadata (total: 69,000 snapshots, 125,186 plans)
  Batch 139: parsed 500 snapshots, extracted 901 plans + 1615 categories + 474 metadata (total: 69,500 snapshots, 126,087 plans)
  Batch 140: parsed 500 snapshots, extracted 994 plans + 1864 categories + 483 metadata (total: 70,000 snapshots, 127,081 plans)
  Batch 141: parsed 500 snapshots, extracted 981 plans + 1680 categories + 483 metadata (total: 70,500 snapshots, 128,062 plans)
  Batch 142: parsed 500 snapshots, extracted 811 plans + 1440 categories + 467 metadata (total: 71,000 snapshots, 128,873 plans)
  Batch 143: parsed 500 snapshots, extracted 995 plans + 2335 categories + 472 metadata (total: 71,500 snapshots, 129,868 plans)
  Batch 144: parsed 500 snapshots, extracted 913 plans + 1762 categories + 472 metadata (total: 72,000 snapshots, 130,781 plans)
  Batch 145: parsed 500 snapshots, extracted 670 plans + 1267 categories + 474 metadata (total: 72,500 snapshots, 131,451 plans)
  Batch 146: parsed 500 snapshots, extracted 982 plans + 1822 categories + 476 metadata (total: 73,000 snapshots, 132,433 plans)
  Batch 147: parsed 500 snapshots, extracted 845 plans + 1642 categories + 469 metadata (total: 73,500 snapshots, 133,278 plans)
  Batch 148: parsed 500 snapshots, extracted 969 plans + 1988 categories + 466 metadata (total: 74,000 snapshots, 134,247 plans)
  Batch 149: parsed 500 snapshots, extracted 873 plans + 1898 categories + 478 metadata (total: 74,500 snapshots, 135,120 plans)
  Batch 150: parsed 500 snapshots, extracted 856 plans + 1448 categories + 472 metadata (total: 75,000 snapshots, 135,976 plans)
  Batch 151: parsed 500 snapshots, extracted 906 plans + 1974 categories + 482 metadata (total: 75,500 snapshots, 136,882 plans)
  Batch 152: parsed 500 snapshots, extracted 1091 plans + 1271 categories + 478 metadata (total: 76,000 snapshots, 137,973 plans)
  Batch 153: parsed 500 snapshots, extracted 834 plans + 1714 categories + 482 metadata (total: 76,500 snapshots, 138,807 plans)
  Batch 154: parsed 500 snapshots, extracted 861 plans + 1731 categories + 487 metadata (total: 77,000 snapshots, 139,668 plans)
  Batch 155: parsed 500 snapshots, extracted 843 plans + 1327 categories + 472 metadata (total: 77,500 snapshots, 140,511 plans)
  Batch 156: parsed 500 snapshots, extracted 860 plans + 1597 categories + 481 metadata (total: 78,000 snapshots, 141,371 plans)
  Batch 157: parsed 500 snapshots, extracted 707 plans + 1005 categories + 475 metadata (total: 78,500 snapshots, 142,078 plans)
  Batch 158: parsed 500 snapshots, extracted 994 plans + 1580 categories + 475 metadata (total: 79,000 snapshots, 143,072 plans)
  Batch 159: parsed 500 snapshots, extracted 894 plans + 1111 categories + 462 metadata (total: 79,500 snapshots, 143,966 plans)
  Batch 160: parsed 500 snapshots, extracted 940 plans + 1535 categories + 474 metadata (total: 80,000 snapshots, 144,906 plans)
  Batch 161: parsed 500 snapshots, extracted 691 plans + 1184 categories + 480 metadata (total: 80,500 snapshots, 145,597 plans)
  Batch 162: parsed 500 snapshots, extracted 863 plans + 1677 categories + 473 metadata (total: 81,000 snapshots, 146,460 plans)
  Batch 163: parsed 500 snapshots, extracted 977 plans + 1794 categories + 481 metadata (total: 81,500 snapshots, 147,437 plans)
  Batch 164: parsed 500 snapshots, extracted 884 plans + 1673 categories + 479 metadata (total: 82,000 snapshots, 148,321 plans)
  Batch 165: parsed 500 snapshots, extracted 945 plans + 1365 categories + 482 metadata (total: 82,500 snapshots, 149,266 plans)
  Batch 166: parsed 500 snapshots, extracted 1104 plans + 1176 categories + 462 metadata (total: 83,000 snapshots, 150,370 plans)
  Batch 167: parsed 500 snapshots, extracted 1177 plans + 1074 categories + 477 metadata (total: 83,500 snapshots, 151,547 plans)
  Batch 168: parsed 500 snapshots, extracted 1008 plans + 1875 categories + 472 metadata (total: 84,000 snapshots, 152,555 plans)
  Batch 169: parsed 500 snapshots, extracted 1030 plans + 1627 categories + 485 metadata (total: 84,500 snapshots, 153,585 plans)
  Batch 170: parsed 500 snapshots, extracted 818 plans + 1462 categories + 483 metadata (total: 85,000 snapshots, 154,403 plans)
  Batch 171: parsed 500 snapshots, extracted 919 plans + 1673 categories + 480 metadata (total: 85,500 snapshots, 155,322 plans)
  Batch 172: parsed 500 snapshots, extracted 803 plans + 1244 categories + 482 metadata (total: 86,000 snapshots, 156,125 plans)
  Batch 173: parsed 500 snapshots, extracted 1197 plans + 2711 categories + 484 metadata (total: 86,500 snapshots, 157,322 plans)
  Batch 174: parsed 500 snapshots, extracted 952 plans + 1661 categories + 464 metadata (total: 87,000 snapshots, 158,274 plans)
  Batch 175: parsed 500 snapshots, extracted 883 plans + 1048 categories + 484 metadata (total: 87,500 snapshots, 159,157 plans)
  Batch 176: parsed 500 snapshots, extracted 1010 plans + 2478 categories + 462 metadata (total: 88,000 snapshots, 160,167 plans)
  Batch 177: parsed 500 snapshots, extracted 1036 plans + 1493 categories + 454 metadata (total: 88,500 snapshots, 161,203 plans)
  Batch 178: parsed 500 snapshots, extracted 1124 plans + 2398 categories + 479 metadata (total: 89,000 snapshots, 162,327 plans)
  Batch 179: parsed 500 snapshots, extracted 887 plans + 2506 categories + 474 metadata (total: 89,500 snapshots, 163,214 plans)
  Batch 180: parsed 500 snapshots, extracted 886 plans + 1673 categories + 470 metadata (total: 90,000 snapshots, 164,100 plans)
  Batch 181: parsed 500 snapshots, extracted 962 plans + 1893 categories + 470 metadata (total: 90,500 snapshots, 165,062 plans)
  Batch 182: parsed 500 snapshots, extracted 1058 plans + 2296 categories + 471 metadata (total: 91,000 snapshots, 166,120 plans)
  Batch 183: parsed 500 snapshots, extracted 1000 plans + 1402 categories + 473 metadata (total: 91,500 snapshots, 167,120 plans)
  Batch 184: parsed 500 snapshots, extracted 862 plans + 1529 categories + 480 metadata (total: 92,000 snapshots, 167,982 plans)
  Batch 185: parsed 500 snapshots, extracted 1074 plans + 1504 categories + 472 metadata (total: 92,500 snapshots, 169,056 plans)
  Batch 186: parsed 500 snapshots, extracted 883 plans + 2445 categories + 482 metadata (total: 93,000 snapshots, 169,939 plans)
  Batch 187: parsed 500 snapshots, extracted 886 plans + 1436 categories + 479 metadata (total: 93,500 snapshots, 170,825 plans)
  Batch 188: parsed 500 snapshots, extracted 1052 plans + 2511 categories + 487 metadata (total: 94,000 snapshots, 171,877 plans)
  Batch 189: parsed 500 snapshots, extracted 985 plans + 992 categories + 468 metadata (total: 94,500 snapshots, 172,862 plans)
  Batch 190: parsed 500 snapshots, extracted 1068 plans + 1903 categories + 489 metadata (total: 95,000 snapshots, 173,930 plans)
  Batch 191: parsed 500 snapshots, extracted 1094 plans + 1927 categories + 476 metadata (total: 95,500 snapshots, 175,024 plans)
  Batch 192: parsed 500 snapshots, extracted 759 plans + 1446 categories + 477 metadata (total: 96,000 snapshots, 175,783 plans)
  Batch 193: parsed 500 snapshots, extracted 885 plans + 1694 categories + 482 metadata (total: 96,500 snapshots, 176,668 plans)
  Batch 194: parsed 500 snapshots, extracted 787 plans + 1091 categories + 466 metadata (total: 97,000 snapshots, 177,455 plans)
  Batch 195: parsed 500 snapshots, extracted 981 plans + 1498 categories + 475 metadata (total: 97,500 snapshots, 178,436 plans)
  Batch 196: parsed 500 snapshots, extracted 749 plans + 1936 categories + 467 metadata (total: 98,000 snapshots, 179,185 plans)
  Batch 197: parsed 500 snapshots, extracted 839 plans + 1487 categories + 489 metadata (total: 98,500 snapshots, 180,024 plans)
  Batch 198: parsed 500 snapshots, extracted 938 plans + 2215 categories + 469 metadata (total: 99,000 snapshots, 180,962 plans)
  Batch 199: parsed 500 snapshots, extracted 906 plans + 1838 categories + 467 metadata (total: 99,500 snapshots, 181,868 plans)
  Batch 200: parsed 500 snapshots, extracted 972 plans + 2223 categories + 476 metadata (total: 100,000 snapshots, 182,840 plans)
  Batch 201: parsed 500 snapshots, extracted 1037 plans + 2497 categories + 475 metadata (total: 100,500 snapshots, 183,877 plans)
  Batch 202: parsed 500 snapshots, extracted 942 plans + 2330 categories + 488 metadata (total: 101,000 snapshots, 184,819 plans)
  Batch 203: parsed 500 snapshots, extracted 856 plans + 1932 categories + 474 metadata (total: 101,500 snapshots, 185,675 plans)
  Batch 204: parsed 500 snapshots, extracted 791 plans + 1453 categories + 496 metadata (total: 102,000 snapshots, 186,466 plans)
  Batch 205: parsed 500 snapshots, extracted 926 plans + 1520 categories + 483 metadata (total: 102,500 snapshots, 187,392 plans)
  Batch 206: parsed 500 snapshots, extracted 823 plans + 1321 categories + 489 metadata (total: 103,000 snapshots, 188,215 plans)
  Batch 207: parsed 500 snapshots, extracted 992 plans + 1303 categories + 476 metadata (total: 103,500 snapshots, 189,207 plans)
  Batch 208: parsed 500 snapshots, extracted 980 plans + 924 categories + 496 metadata (total: 104,000 snapshots, 190,187 plans)
  Batch 209: parsed 500 snapshots, extracted 640 plans + 1215 categories + 491 metadata (total: 104,500 snapshots, 190,827 plans)
  Batch 210: parsed 500 snapshots, extracted 913 plans + 821 categories + 477 metadata (total: 105,000 snapshots, 191,740 plans)
  Batch 211: parsed 500 snapshots, extracted 1080 plans + 2075 categories + 478 metadata (total: 105,500 snapshots, 192,820 plans)
  Batch 212: parsed 500 snapshots, extracted 829 plans + 1250 categories + 467 metadata (total: 106,000 snapshots, 193,649 plans)
  Batch 213: parsed 500 snapshots, extracted 835 plans + 1302 categories + 457 metadata (total: 106,500 snapshots, 194,484 plans)
  Batch 214: parsed 500 snapshots, extracted 1022 plans + 988 categories + 473 metadata (total: 107,000 snapshots, 195,506 plans)
  Batch 215: parsed 500 snapshots, extracted 854 plans + 1641 categories + 463 metadata (total: 107,500 snapshots, 196,360 plans)
  Batch 216: parsed 500 snapshots, extracted 868 plans + 1810 categories + 476 metadata (total: 108,000 snapshots, 197,228 plans)
  Batch 217: parsed 500 snapshots, extracted 969 plans + 1491 categories + 459 metadata (total: 108,500 snapshots, 198,197 plans)
  Batch 218: parsed 500 snapshots, extracted 1127 plans + 1525 categories + 482 metadata (total: 109,000 snapshots, 199,324 plans)
  Batch 219: parsed 500 snapshots, extracted 971 plans + 1990 categories + 477 metadata (total: 109,500 snapshots, 200,295 plans)
  Batch 220: parsed 500 snapshots, extracted 970 plans + 1899 categories + 459 metadata (total: 110,000 snapshots, 201,265 plans)
  Batch 221: parsed 500 snapshots, extracted 739 plans + 1679 categories + 484 metadata (total: 110,500 snapshots, 202,004 plans)
  Batch 222: parsed 500 snapshots, extracted 838 plans + 764 categories + 468 metadata (total: 111,000 snapshots, 202,842 plans)
  Batch 223: parsed 500 snapshots, extracted 986 plans + 1216 categories + 470 metadata (total: 111,500 snapshots, 203,828 plans)
  Batch 224: parsed 500 snapshots, extracted 857 plans + 1387 categories + 475 metadata (total: 112,000 snapshots, 204,685 plans)
  Batch 225: parsed 500 snapshots, extracted 898 plans + 2476 categories + 477 metadata (total: 112,500 snapshots, 205,583 plans)
  Batch 226: parsed 500 snapshots, extracted 965 plans + 1647 categories + 479 metadata (total: 113,000 snapshots, 206,548 plans)
  Batch 227: parsed 500 snapshots, extracted 876 plans + 1462 categories + 480 metadata (total: 113,500 snapshots, 207,424 plans)
  Batch 228: parsed 500 snapshots, extracted 1001 plans + 1615 categories + 475 metadata (total: 114,000 snapshots, 208,425 plans)
  Batch 229: parsed 500 snapshots, extracted 1157 plans + 1834 categories + 483 metadata (total: 114,500 snapshots, 209,582 plans)
  Batch 230: parsed 500 snapshots, extracted 914 plans + 1779 categories + 460 metadata (total: 115,000 snapshots, 210,496 plans)
  Batch 231: parsed 500 snapshots, extracted 1054 plans + 2272 categories + 476 metadata (total: 115,500 snapshots, 211,550 plans)
  Batch 232: parsed 500 snapshots, extracted 982 plans + 2022 categories + 448 metadata (total: 116,000 snapshots, 212,532 plans)
  Batch 233: parsed 500 snapshots, extracted 844 plans + 1766 categories + 474 metadata (total: 116,500 snapshots, 213,376 plans)
  Batch 234: parsed 500 snapshots, extracted 1122 plans + 1870 categories + 485 metadata (total: 117,000 snapshots, 214,498 plans)
  Batch 235: parsed 500 snapshots, extracted 1008 plans + 1916 categories + 493 metadata (total: 117,500 snapshots, 215,506 plans)
  Batch 236: parsed 500 snapshots, extracted 917 plans + 1370 categories + 480 metadata (total: 118,000 snapshots, 216,423 plans)
  Batch 237: parsed 500 snapshots, extracted 617 plans + 1324 categories + 479 metadata (total: 118,500 snapshots, 217,040 plans)
  Batch 238: parsed 500 snapshots, extracted 811 plans + 741 categories + 453 metadata (total: 119,000 snapshots, 217,851 plans)
  Batch 239: parsed 500 snapshots, extracted 782 plans + 1614 categories + 487 metadata (total: 119,500 snapshots, 218,633 plans)
  Batch 240: parsed 500 snapshots, extracted 766 plans + 2211 categories + 457 metadata (total: 120,000 snapshots, 219,399 plans)
  Batch 241: parsed 500 snapshots, extracted 843 plans + 1545 categories + 477 metadata (total: 120,500 snapshots, 220,242 plans)
  Batch 242: parsed 500 snapshots, extracted 1011 plans + 1381 categories + 462 metadata (total: 121,000 snapshots, 221,253 plans)
  Batch 243: parsed 500 snapshots, extracted 792 plans + 1573 categories + 466 metadata (total: 121,500 snapshots, 222,045 plans)
  Batch 244: parsed 500 snapshots, extracted 869 plans + 1557 categories + 449 metadata (total: 122,000 snapshots, 222,914 plans)
  Batch 245: parsed 500 snapshots, extracted 924 plans + 1650 categories + 478 metadata (total: 122,500 snapshots, 223,838 plans)
  Batch 246: parsed 500 snapshots, extracted 741 plans + 1459 categories + 472 metadata (total: 123,000 snapshots, 224,579 plans)
  Batch 247: parsed 500 snapshots, extracted 894 plans + 1447 categories + 483 metadata (total: 123,500 snapshots, 225,473 plans)
  Batch 248: parsed 500 snapshots, extracted 874 plans + 1567 categories + 464 metadata (total: 124,000 snapshots, 226,347 plans)
  Batch 249: parsed 500 snapshots, extracted 1077 plans + 1853 categories + 485 metadata (total: 124,500 snapshots, 227,424 plans)
  Batch 250: parsed 500 snapshots, extracted 910 plans + 1501 categories + 480 metadata (total: 125,000 snapshots, 228,334 plans)
  Batch 251: parsed 500 snapshots, extracted 901 plans + 1763 categories + 474 metadata (total: 125,500 snapshots, 229,235 plans)
  Batch 252: parsed 500 snapshots, extracted 901 plans + 954 categories + 481 metadata (total: 126,000 snapshots, 230,136 plans)
  Batch 253: parsed 500 snapshots, extracted 990 plans + 1646 categories + 476 metadata (total: 126,500 snapshots, 231,126 plans)
  Batch 254: parsed 500 snapshots, extracted 1080 plans + 2122 categories + 472 metadata (total: 127,000 snapshots, 232,206 plans)
  Batch 255: parsed 500 snapshots, extracted 915 plans + 1338 categories + 469 metadata (total: 127,500 snapshots, 233,121 plans)
  Batch 256: parsed 500 snapshots, extracted 984 plans + 1725 categories + 477 metadata (total: 128,000 snapshots, 234,105 plans)
  Batch 257: parsed 500 snapshots, extracted 926 plans + 2077 categories + 482 metadata (total: 128,500 snapshots, 235,031 plans)
  Batch 258: parsed 500 snapshots, extracted 880 plans + 1491 categories + 484 metadata (total: 129,000 snapshots, 235,911 plans)
  Batch 259: parsed 500 snapshots, extracted 816 plans + 1627 categories + 461 metadata (total: 129,500 snapshots, 236,727 plans)
  Batch 260: parsed 500 snapshots, extracted 1029 plans + 1758 categories + 483 metadata (total: 130,000 snapshots, 237,756 plans)
  Batch 261: parsed 500 snapshots, extracted 1045 plans + 1720 categories + 478 metadata (total: 130,500 snapshots, 238,801 plans)
  Batch 262: parsed 500 snapshots, extracted 959 plans + 1827 categories + 474 metadata (total: 131,000 snapshots, 239,760 plans)
  Batch 263: parsed 500 snapshots, extracted 801 plans + 2065 categories + 470 metadata (total: 131,500 snapshots, 240,561 plans)
  Batch 264: parsed 500 snapshots, extracted 936 plans + 1250 categories + 479 metadata (total: 132,000 snapshots, 241,497 plans)
  Batch 265: parsed 500 snapshots, extracted 914 plans + 2181 categories + 476 metadata (total: 132,500 snapshots, 242,411 plans)
  Batch 266: parsed 500 snapshots, extracted 862 plans + 1563 categories + 480 metadata (total: 133,000 snapshots, 243,273 plans)
  Batch 267: parsed 500 snapshots, extracted 887 plans + 1729 categories + 482 metadata (total: 133,500 snapshots, 244,160 plans)
  Batch 268: parsed 500 snapshots, extracted 1108 plans + 4089 categories + 481 metadata (total: 134,000 snapshots, 245,268 plans)
  Batch 269: parsed 500 snapshots, extracted 1081 plans + 7709 categories + 479 metadata (total: 134,500 snapshots, 246,349 plans)
  Batch 270: parsed 500 snapshots, extracted 1073 plans + 7731 categories + 484 metadata (total: 135,000 snapshots, 247,422 plans)
  Batch 271: parsed 500 snapshots, extracted 1072 plans + 7332 categories + 489 metadata (total: 135,500 snapshots, 248,494 plans)
  Batch 272: parsed 500 snapshots, extracted 1098 plans + 8437 categories + 485 metadata (total: 136,000 snapshots, 249,592 plans)
  Batch 273: parsed 500 snapshots, extracted 1101 plans + 8412 categories + 479 metadata (total: 136,500 snapshots, 250,693 plans)
  Batch 274: parsed 500 snapshots, extracted 1187 plans + 9744 categories + 485 metadata (total: 137,000 snapshots, 251,880 plans)
  Batch 275: parsed 40 snapshots, extracted 92 plans + 610 categories + 40 metadata (total: 137,040 snapshots, 251,972 plans)

============================================================
PARSING COMPLETE
============================================================
  Snapshots parsed:    137,040
  Pricing plans found: 251,972
  Categories found:    506,007
  Metadata rows:       130,268
  No pricing detected: 7,218
  Detection rate:      94.7%
